// Jest Snapshot v1, https://goo.gl/fbAQLP

exports[`Event Date time Block sagas handleDateRangeChange should update date range 1`] = `
{
  "@@redux-saga/IO": true,
  "ALL": {
    "end": {
      "@@redux-saga/IO": true,
      "CALL": {
        "args": [
          undefined,
          null,
        ],
        "context": null,
        "fn": [Function],
      },
    },
    "start": {
      "@@redux-saga/IO": true,
      "CALL": {
        "args": [
          undefined,
          null,
        ],
        "context": null,
        "fn": [Function],
      },
    },
  },
}
`;
