// Jest Snapshot v1, https://goo.gl/fbAQLP

exports[`EventOrganizer should display existing organizers from meta 1`] = `
<div>
  <div
    class="classy-field classy-field--event-organizer"
  >
    <div
      class="classy-field__title"
    >
      <h3>
        Event organizer
      </h3>
    </div>
    <div
      class="classy-field__inputs classy-field__inputs--boxed"
    >
      <div
        class="classy-field__inputs-section"
      >
        <div
          class="classy__linked-post-cards classy__linked-post-cards--organizer"
        >
          <div
            class="classy__linked-post-card classy__linked-post-card--organizer"
            data-object-id="1"
          >
            <h4
              class="classy-linked-post-card__title"
            >
              Sample Organizer 1
            </h4>
            <span
              class="classy-linked-post-card__detail"
            >
              +1-555-0123
            </span>
            <span
              class="classy-linked-post-card__detail"
            >
              organizer1@example.com
            </span>
            <button
              class="components-button classy-linked-post-card__detail is-link"
              type="button"
            >
               
              https://organizer1.com
               
            </button>
            <div
              class="classy-linked-post-card__actions"
            >
              <button
                class="components-button classy-linked-post-card__action is-link"
                type="button"
              >
                <span
                  class="classy-icon classy-icon--edit"
                >
                  <svg
                    height="24"
                    viewBox="0 0 24 24"
                    width="24"
                    xmlns="http://www.w3.org/2000/svg"
                  >
                    <path
                      d="M19 7L16 4L7.5 12.5L6.5 16.5L10.5 15.5L19 7Z"
                    />
                    <path
                      d="M12 18.5H5V20H12V18.5Z"
                    />
                  </svg>
                </span>
              </button>
              <button
                class="components-button classy-linked-post-card__action is-link"
                type="button"
              >
                <span
                  class="classy-icon classy-icon--trash"
                >
                  <svg
                    height="24"
                    viewBox="0 0 24 24"
                    width="24"
                    xmlns="http://www.w3.org/2000/svg"
                  >
                    <path
                      clip-rule="evenodd"
                      d="M12 4C10.1858 4 8.67247 5.28832 8.32502 7H5V8.5H6.2699L7.08782 17.497C7.21659 18.9135 8.40421 19.9981 9.82652 19.9981H14.1737C15.596 19.9981 16.7836 18.9135 16.9124 17.4971L17.7303 8.5H19V7H15.675C15.3275 5.28832 13.8142 4 12 4ZM12 5.5C11.0203 5.5 10.1869 6.12611 9.87803 7H14.122C13.8131 6.12611 12.9797 5.5 12 5.5ZM16.2241 8.5H7.77609L8.58166 17.3612C8.64019 18.0051 9.18002 18.4981 9.82652 18.4981H14.1737C14.8202 18.4981 15.36 18.0051 15.4185 17.3612L16.2241 8.5Z"
                      fill-rule="evenodd"
                    />
                  </svg>
                </span>
              </button>
            </div>
          </div>
          <div
            class="classy__linked-post-card classy__linked-post-card--organizer"
            data-object-id="2"
          >
            <h4
              class="classy-linked-post-card__title"
            >
              Sample Organizer 2
            </h4>
            <span
              class="classy-linked-post-card__detail"
            >
              +1-555-0124
            </span>
            <span
              class="classy-linked-post-card__detail"
            >
              organizer2@example.com
            </span>
            <button
              class="components-button classy-linked-post-card__detail is-link"
              type="button"
            >
               
              https://organizer2.com
               
            </button>
            <div
              class="classy-linked-post-card__actions"
            >
              <button
                class="components-button classy-linked-post-card__action is-link"
                type="button"
              >
                <span
                  class="classy-icon classy-icon--edit"
                >
                  <svg
                    height="24"
                    viewBox="0 0 24 24"
                    width="24"
                    xmlns="http://www.w3.org/2000/svg"
                  >
                    <path
                      d="M19 7L16 4L7.5 12.5L6.5 16.5L10.5 15.5L19 7Z"
                    />
                    <path
                      d="M12 18.5H5V20H12V18.5Z"
                    />
                  </svg>
                </span>
              </button>
              <button
                class="components-button classy-linked-post-card__action is-link"
                type="button"
              >
                <span
                  class="classy-icon classy-icon--trash"
                >
                  <svg
                    height="24"
                    viewBox="0 0 24 24"
                    width="24"
                    xmlns="http://www.w3.org/2000/svg"
                  >
                    <path
                      clip-rule="evenodd"
                      d="M12 4C10.1858 4 8.67247 5.28832 8.32502 7H5V8.5H6.2699L7.08782 17.497C7.21659 18.9135 8.40421 19.9981 9.82652 19.9981H14.1737C15.596 19.9981 16.7836 18.9135 16.9124 17.4971L17.7303 8.5H19V7H15.675C15.3275 5.28832 13.8142 4 12 4ZM12 5.5C11.0203 5.5 10.1869 6.12611 9.87803 7H14.122C13.8131 6.12611 12.9797 5.5 12 5.5ZM16.2241 8.5H7.77609L8.58166 17.3612C8.64019 18.0051 9.18002 18.4981 9.82652 18.4981H14.1737C14.8202 18.4981 15.36 18.0051 15.4185 17.3612L16.2241 8.5Z"
                      fill-rule="evenodd"
                    />
                  </svg>
                </span>
              </button>
            </div>
          </div>
        </div>
      </div>
      <div
        class="classy-field__inputs-section classy-field__inputs-section--row classy-field__inputs-section--justify-left"
      >
        <div
          class="classy-field__input"
        >
          <button
            class="components-button classy-field__control classy-field__control--cta is-link"
            type="button"
          >
            <span
              class="classy-icon classy-icon--add"
            >
              <svg
                height="24"
                viewBox="0 0 24 24"
                width="24"
                xmlns="http://www.w3.org/2000/svg"
              >
                <path
                  d="M11 12.5V17.5H12.5V12.5H17.5V11H12.5V6H11V11H6V12.5H11Z"
                />
              </svg>
            </span>
            Add another organizer
          </button>
        </div>
      </div>
    </div>
  </div>
</div>
`;

exports[`EventOrganizer should render the event organizer component with default state 1`] = `
@keyframes animation-0 {
  0% {
    opacity: 0;
    -webkit-transform: translateY(-2px);
    -moz-transform: translateY(-2px);
    -ms-transform: translateY(-2px);
    transform: translateY(-2px);
  }

  100% {
    opacity: 1;
    -webkit-transform: translateY(0);
    -moz-transform: translateY(0);
    -ms-transform: translateY(0);
    transform: translateY(0);
  }
}

.emotion-3 {
  display: -webkit-box;
  display: -webkit-flex;
  display: -ms-flexbox;
  display: flex;
  -webkit-align-items: center;
  -webkit-box-align: center;
  -ms-flex-align: center;
  align-items: center;
  -webkit-flex-direction: row;
  -ms-flex-direction: row;
  flex-direction: row;
  gap: calc(4px * 2);
  -webkit-box-pack: justify;
  -webkit-justify-content: space-between;
  justify-content: space-between;
  width: 100%;
  box-sizing: border-box;
  position: relative;
  border-radius: 2px;
  padding-top: 0;
}

.emotion-3>* {
  min-width: 0;
}

.emotion-3:focus-within:not( :has( :is( .em5sgkm8, .emotion-16 ):focus-within ) ) .emotion-23 {
  border-color: var(--wp-components-color-accent, var(--wp-admin-theme-color, #3858e9));
  box-shadow: 0 0 0 0.5px var(--wp-components-color-accent, var(--wp-admin-theme-color, #3858e9));
  outline: 2px solid transparent;
  outline-offset: -2px;
}

.emotion-5 {
  -webkit-align-items: center;
  -webkit-box-align: center;
  -ms-flex-align: center;
  align-items: center;
  box-sizing: border-box;
  border-radius: inherit;
  display: -webkit-box;
  display: -webkit-flex;
  display: -ms-flexbox;
  display: flex;
  -webkit-flex: 1;
  -ms-flex: 1;
  flex: 1;
  position: relative;
  background-color: var(--wp-components-color-background, #fff);
  width: 100%;
}

.emotion-7 {
  display: block;
  background-color: var(--wp-components-color-background, #fff);
  border: none;
  color: var(--wp-components-color-foreground, #1e1e1e);
  cursor: pointer;
  font-family: inherit;
  text-align: start;
  -webkit-user-select: none;
  -moz-user-select: none;
  -ms-user-select: none;
  user-select: none;
  width: 100%;
  height: 40px;
  -webkit-padding-start: 12px;
  padding-inline-start: 12px;
  -webkit-padding-end: 30px;
  padding-inline-end: 30px;
  overflow: hidden;
  text-overflow: ellipsis;
  white-space: nowrap;
  font-size: 16px;
}

.emotion-7[data-focus-visible] {
  outline: none;
}

@media ( min-width: 600px ) {
  .emotion-7 {
    font-size: 13px;
  }
}

.emotion-9 {
  display: -webkit-box;
  display: -webkit-flex;
  display: -ms-flexbox;
  display: flex;
  -webkit-flex-direction: column;
  -ms-flex-direction: column;
  flex-direction: column;
  background-color: var(--wp-components-color-background, #fff);
  border-radius: 2px;
  border: 1px solid var(--wp-components-color-foreground, #1e1e1e);
  box-shadow: 0 2px 3px rgba(0, 0, 0, 0.05),0 4px 5px rgba(0, 0, 0, 0.04),0 12px 12px rgba(0, 0, 0, 0.03),0 16px 16px rgba(0, 0, 0, 0.02);
  z-index: 1000000;
  max-height: min( var( --popover-available-height, 400px ), 400px );
  overflow: auto;
  overscroll-behavior: contain;
  min-width: -webkit-min-content;
  min-width: -moz-min-content;
  min-width: min-content;
}

@media not ( prefers-reduced-motion ) {
  .emotion-9[data-open] {
    -webkit-animation-duration: 400ms;
    animation-duration: 400ms;
    -webkit-animation-timing-function: cubic-bezier( 0.16, 1, 0.3, 1 );
    animation-timing-function: cubic-bezier( 0.16, 1, 0.3, 1 );
    -webkit-animation-name: animation-0;
    animation-name: animation-0;
    will-change: transform,opacity;
  }
}

.emotion-9[data-focus-visible] {
  outline: none;
}

.emotion-11 {
  cursor: default;
  display: -webkit-box;
  display: -webkit-flex;
  display: -ms-flexbox;
  display: flex;
  -webkit-align-items: center;
  -webkit-box-align: center;
  -ms-flex-align: center;
  align-items: center;
  -webkit-box-pack: justify;
  -webkit-justify-content: space-between;
  justify-content: space-between;
  font-size: 13px;
  line-height: 28px;
  padding-block: calc(4px * 2);
  scroll-margin: calc(4px * 1);
  -webkit-user-select: none;
  -moz-user-select: none;
  -ms-user-select: none;
  user-select: none;
  -webkit-padding-start: 12px;
  padding-inline-start: 12px;
  -webkit-padding-end: 6px;
  padding-inline-end: 6px;
}

.emotion-11[aria-disabled='true'] {
  cursor: not-allowed;
}

.emotion-11[data-active-item] {
  background-color: var(--wp-components-color-gray-300, #ddd);
}

.emotion-13 {
  display: -webkit-box;
  display: -webkit-flex;
  display: -ms-flexbox;
  display: flex;
  -webkit-align-items: center;
  -webkit-box-align: center;
  -ms-flex-align: center;
  align-items: center;
  -webkit-margin-start: calc(4px * 2);
  margin-inline-start: calc(4px * 2);
  fill: currentColor;
  -webkit-align-self: start;
  -ms-flex-item-align: start;
  align-self: start;
  margin-block-start: 2px;
  font-size: 0;
}

.e1p3eej72~.emotion-13,
.emotion-13:not(:empty) {
  font-size: 24px;
}

.emotion-15 {
  -webkit-align-items: center;
  -webkit-box-align: center;
  -ms-flex-align: center;
  align-items: center;
  -webkit-align-self: stretch;
  -ms-flex-item-align: stretch;
  align-self: stretch;
  box-sizing: border-box;
  display: -webkit-box;
  display: -webkit-flex;
  display: -ms-flexbox;
  display: flex;
}

.emotion-18 {
  -webkit-padding-end: 12px;
  padding-inline-end: 12px;
  position: absolute;
  pointer-events: none;
  right: 0;
}

.emotion-20 {
  -webkit-margin-end: calc(4px * -1);
  margin-inline-end: calc(4px * -1);
  line-height: 0;
}

.emotion-20 path {
  fill: currentColor;
}

.emotion-22.emotion-22.emotion-22 {
  box-sizing: border-box;
  border-color: var(--wp-components-color-gray-600, #949494);
  border-radius: inherit;
  border-style: solid;
  border-width: 1px;
  bottom: 0;
  left: 0;
  margin: 0;
  padding: 0;
  pointer-events: none;
  position: absolute;
  right: 0;
  top: 0;
  padding-left: 2px;
}

<div>
  <div
    class="classy-field classy-field--event-organizer"
  >
    <div
      class="classy-field__title"
    >
      <h3>
        Event organizer
      </h3>
    </div>
    <div
      class="classy-field__inputs classy-field__inputs--boxed"
    >
      <div
        class="classy-field__inputs-section classy-field__inputs-section--row classy-field__inputs-section--justify-left"
      >
        <div
          class="classy-field__input classy-field__input-full-width"
        >
          <div
            class="components-custom-select-control classy-field__control classy-field__control--select"
          >
            <div
              class="components-visually-hidden emotion-0 emotion-1"
              data-wp-c16t="true"
              data-wp-component="VisuallyHidden"
              id=":r1:"
              style="border: 0px; clip: rect(1px, 1px, 1px, 1px); clip-path: inset( 50% ); height: 1px; margin: -1px; overflow: hidden; padding: 0px; position: absolute; width: 1px; word-wrap: normal; cursor: default;"
            >
              Organizer selection
            </div>
            <div
              class="components-flex components-input-base emotion-2 emotion-3 emotion-1"
              data-wp-c16t="true"
              data-wp-component="InputBase"
            >
              <div
                class="components-input-control__container emotion-5 emotion-6"
              >
                <button
                  aria-autocomplete="none"
                  aria-controls=":r2:"
                  aria-describedby="custom-select-control__description-0"
                  aria-expanded="false"
                  aria-haspopup="listbox"
                  aria-labelledby=":r1:"
                  class="emotion-7 emotion-8"
                  role="combobox"
                  type="button"
                >
                  Select organizer
                </button>
                <div
                  style="position: absolute; top: 0px; left: 0px; --popover-overflow-padding: 8px;"
                >
                  <div
                    aria-labelledby=":r1:"
                    class="emotion-9 emotion-10"
                    data-dialog=""
                    data-placing="true"
                    hidden=""
                    id=":r2:"
                    role="listbox"
                    style="position: relative; display: none;"
                    tabindex="0"
                  >
                    <div
                      aria-selected="true"
                      class="components-custom-select-control__item emotion-11 emotion-12"
                      data-autofocus="true"
                      id=":r5:"
                      role="option"
                      tabindex="0"
                    >
                      Select organizer
                      <span
                        aria-hidden="true"
                        class="emotion-13 emotion-14"
                        style="width: 1em; height: 1em; pointer-events: none;"
                      >
                        <svg
                          aria-hidden="true"
                          focusable="false"
                          height="24"
                          viewBox="0 0 24 24"
                          width="24"
                          xmlns="http://www.w3.org/2000/svg"
                        >
                          <path
                            d="M16.7 7.1l-6.3 8.5-3.3-2.5-.9 1.2 4.5 3.4L17.9 8z"
                          />
                        </svg>
                      </span>
                    </div>
                  </div>
                </div>
                <span
                  class="components-input-control__suffix emotion-15 emotion-16"
                >
                  <div
                    class="components-input-control-suffix-wrapper emotion-17 emotion-18 emotion-19"
                    data-wp-c16t="true"
                    data-wp-component="InputControlSuffixWrapper"
                  >
                    <div
                      class="emotion-20 emotion-21"
                    >
                      <svg
                        aria-hidden="true"
                        focusable="false"
                        height="18"
                        viewBox="0 0 24 24"
                        width="18"
                        xmlns="http://www.w3.org/2000/svg"
                      >
                        <path
                          d="M17.5 11.6L12 16l-5.5-4.4.9-1.2L12 14l4.5-3.6 1 1.2z"
                        />
                      </svg>
                    </div>
                  </div>
                </span>
                <div
                  aria-hidden="true"
                  class="components-input-control__backdrop emotion-22 emotion-23"
                />
              </div>
            </div>
          </div>
          <div
            class="components-visually-hidden emotion-0 emotion-1"
            data-wp-c16t="true"
            data-wp-component="VisuallyHidden"
            style="border: 0px; clip: rect(1px, 1px, 1px, 1px); clip-path: inset( 50% ); height: 1px; margin: -1px; overflow: hidden; padding: 0px; position: absolute; width: 1px; word-wrap: normal;"
          >
            <span
              id="custom-select-control__description-0"
            >
              Currently selected: Select organizer
            </span>
          </div>
        </div>
        <div
          class="classy-field__input"
        >
          <div
            class="classy-field__control classy-field__control--organizer"
          >
            <span
              class="classy-field__organizer-label"
            >
              or
            </span>
             
            <button
              class="components-button classy-cta classy-field__organizer-value is-link"
              type="button"
            >
              Create new organizer
            </button>
          </div>
        </div>
      </div>
    </div>
  </div>
</div>
`;
