// Jest Snapshot v1, https://goo.gl/fbAQLP

exports[`[STORE] - Price selectors Should return price position 1`] = `"prefix"`;

exports[`[STORE] - Price selectors Should return the price block 1`] = `
Object {
  "code": "USD",
  "cost": "",
  "position": "prefix",
  "symbol": "$",
}
`;

exports[`[STORE] - Price selectors Should return the price code 1`] = `"USD"`;

exports[`[STORE] - Price selectors Should return the price symbol 1`] = `"$"`;

exports[`[STORE] - Price selectors Should return the price value 1`] = `""`;
