// Jest Snapshot v1, https://goo.gl/fbAQLP

exports[`[STORE] - Price types Should return the types values 1`] = `"@@MT/EVENTS/SET_PRICE_POSITION"`;

exports[`[STORE] - Price types Should return the types values 2`] = `"@@MT/EVENTS/SET_PRICE_SYMBOL"`;

exports[`[STORE] - Price types Should return the types values 3`] = `"@@MT/EVENTS/SET_PRICE_COST"`;
