// Jest Snapshot v1, https://goo.gl/fbAQLP

exports[`[STORE] - Details thunks Should fetching details for non loading block 1`] = `
[
  {
    "meta": {
      "actions": {
        "error": [Function],
        "start": [Function],
        "success": [Function],
      },
      "path": "undefined/20",
    },
    "type": "@@MT/COMMON/WP_REQUEST",
  },
]
`;
